---
source: src/parser/mod.rs
expression: parse(tokens).unwrap()
---
statements:
  - DeclarationAssignment:
      - Tuple:
          - value: one
          - value: two
      - operator: ~
        first:
          content:
            TupleExpression:
              values:
                - operator: ~
                  first:
                    content:
                      StringLiteral:
                        parts: []
                        end: hi
                    accessors: []
                - operator: ~
                  first:
                    content:
                      IntegerLiteral:
                        value: 123
                    accessors: []
          accessors: []
functions: []
