---
source: src/parser/mod.rs
expression: parse(tokens).unwrap()
---
statements:
  - Expression:
      operations: []
      first:
        content:
          PipelineExpression:
            commands:
              - expression:
                  operations: []
                  first:
                    content:
                      CommandLiteral:
                        command:
                          parts: []
                          end: test
                        arguments: []
                    accessors: []
                capture_stderr: ~
                capture_exit_code:
                  value: code
        accessors: []
functions: []
