---
source: src/parser/mod.rs
expression: parse(tokens).unwrap()
---
statements:
  - Expression:
      operations: []
      first:
        content:
          VariableExpression:
            name:
              value: array
            arguments: ~
        accessors:
          - Variable:
              name:
                value: push
              arguments:
                - operations: []
                  first:
                    content:
                      VariableExpression:
                        name:
                          value: value
                        arguments: ~
                    accessors: []
functions: []
