---
source: src/parser/mod.rs
expression: parse(tokens).unwrap()
---
statements:
  - DeclarationAssignment:
      - Simple:
          value: my_variable
      - operations: []
        first:
          content:
            BooleanLiteral:
              value: true
          accessors: []
functions: []
