---
source: src/parser/mod.rs
expression: parse(tokens).unwrap()
---
statements:
  - DeclarationAssignment:
      - Tuple:
          - value: one
          - value: two
      - operations: []
        first:
          content:
            TupleExpression:
              values:
                - operations: []
                  first:
                    content:
                      StringLiteral:
                        parts: []
                        end: hi
                    accessor: ~
                - operations: []
                  first:
                    content:
                      IntegerLiteral:
                        value: 123
                    accessor: ~
          accessor: ~
functions: []
