---
source: tests/integration_test.rs
expression: "run_code(r#\"\n        var mut array: mut [integer];\n        array = [1,2,3];\n        \"#,\n    \"\", |_| {})"
---
stdout: ""
stderr: ""
error:
  PostProcessError:
    message: "Unable to assign a value of type '[integer]' to a variable of type 'mut [integer]'"
exit_code: 103
