---
source: tests/integration_test.rs
expression: "run_code(r#\"\n        for index in [1] {\n            index = 69;\n        };\n        \"#,\n    \"\", |_| {})"
---
stdout: ""
stderr: ""
error:
  ExecutionError:
    message: "Can't assign to a variable that is not mutable"
    call_stack: []
exit_code: 104
