---
source: tests/integration_test.rs
expression: "run_code(r#\"\n# Array example\nvar array = [\"first\", \"second\", \"third\"];\nfor value in array {\n  pop(array);\n};\n\"#)"
---
stdout: ""
stderr: ""
error:
  ExecutionError:
    message: Cannot mutate array that is already being used
    call_stack:
      - pop
